Collecting git+https://github.com/ultralytics/CLIP.git
  Cloning https://github.com/ultralytics/CLIP.git to /tmp/pip-req-build-v72bwh0m
  Running command git clone --filter=blob:none --quiet https://github.com/ultralytics/CLIP.git /tmp/pip-req-build-v72bwh0m
  Resolved https://github.com/ultralytics/CLIP.git to commit a13192f8cb767260d7dfd98c843b0716593169e7
  Installing build dependencies: started
  Installing build dependencies: finished with status 'done'
  Getting requirements to build wheel: started
  Getting requirements to build wheel: finished with status 'done'
  Preparing metadata (pyproject.toml): started
  Preparing metadata (pyproject.toml): finished with status 'done'
Collecting ftfy (from clip==1.0)
  Downloading ftfy-6.3.1-py3-none-any.whl.metadata (7.3 kB)
Collecting regex (from clip==1.0)
  Downloading regex-2026.9.10-cp312-cp312-manylinux2014_x86_64.manylinux_2_17_x86_64.manylinux_2_28_x86_64.whl.metadata (40 kB)
Collecting tqdm (from clip==1.0)
  Downloading tqdm-4.70.1-py3-none-any.whl.metadata (57 kB)
Requirement already satisfied: torch in /home/jules/.pyenv/versions/3.12.13/lib/python3.12/site-packages (from clip==1.0) (2.14.0)
Requirement already satisfied: torchvision in /home/jules/.pyenv/versions/3.12.13/lib/python3.12/site-packages (from clip==1.0) (0.29.0)
Collecting wcwidth (from ftfy->clip==1.0)
  Downloading wcwidth-0.9.1-cp310-abi3-manylinux2014_x86_64.manylinux_2_17_x86_64.whl.metadata (23 kB)
Requirement already satisfied: filelock in /home/jules/.pyenv/versions/3.12.13/lib/python3.12/site-packages (from torch->clip==1.0) (4.0.3)
Requirement already satisfied: typing-extensions>=4.10.0 in /home/jules/.pyenv/versions/3.12.13/lib/python3.12/site-packages (from torch->clip==1.0) (4.16.0)
Requirement already satisfied: setuptools>=77.0.3 in /home/jules/.pyenv/versions/3.12.13/lib/python3.12/site-packages (from torch->clip==1.0) (84.0.0)
Requirement already satisfied: sympy>=1.13.3 in /home/jules/.pyenv/versions/3.12.13/lib/python3.12/site-packages (from torch->clip==1.0) (1.14.0)
Requirement already satisfied: networkx>=2.5.1 in /home/jules/.pyenv/versions/3.12.13/lib/python3.12/site-packages (from torch->clip==1.0) (3.7)
Requirement already satisfied: jinja2 in /home/jules/.pyenv/versions/3.12.13/lib/python3.12/site-packages (from torch->clip==1.0) (3.1.6)
Requirement already satisfied: fsspec>=0.8.5 in /home/jules/.pyenv/versions/3.12.13/lib/python3.12/site-packages (from torch->clip==1.0) (2026.9.0)
Requirement already satisfied: cuda-toolkit==13.0.3 in /home/jules/.pyenv/versions/3.12.13/lib/python3.12/site-packages (from cuda-toolkit[cublas,cudart,cufft,cufile,cupti,curand,cusolver,cusparse,nvjitlink,nvrtc,nvtx]==13.0.3; platform_system == "Linux"->torch->clip==1.0) (13.0.3.0)
Requirement already satisfied: cuda-bindings<14,>=13.0.3 in /home/jules/.pyenv/versions/3.12.13/lib/python3.12/site-packages (from torch->clip==1.0) (13.4.3)
Requirement already satisfied: nvidia-cudnn-cu13==9.24.0.43 in /home/jules/.pyenv/versions/3.12.13/lib/python3.12/site-packages (from torch->clip==1.0) (9.24.0.43)
Requirement already satisfied: nvidia-cusparselt-cu13==0.8.1 in /home/jules/.pyenv/versions/3.12.13/lib/python3.12/site-packages (from torch->clip==1.0) (0.8.1)
Requirement already satisfied: nvidia-nccl-cu13==2.30.7 in /home/jules/.pyenv/versions/3.12.13/lib/python3.12/site-packages (from torch->clip==1.0) (2.30.7)
Requirement already satisfied: nvidia-nvshmem-cu13==3.4.5 in /home/jules/.pyenv/versions/3.12.13/lib/python3.12/site-packages (from torch->clip==1.0) (3.4.5)
Requirement already satisfied: triton~=3.8.0 in /home/jules/.pyenv/versions/3.12.13/lib/python3.12/site-packages (from torch->clip==1.0) (3.8.0)
Requirement already satisfied: nvidia-cublas==13.1.1.3.* in /home/jules/.pyenv/versions/3.12.13/lib/python3.12/site-packages (from cuda-toolkit[cublas,cudart,cufft,cufile,cupti,curand,cusolver,cusparse,nvjitlink,nvrtc,nvtx]==13.0.3; platform_system == "Linux"->torch->clip==1.0) (13.1.1.3)
Requirement already satisfied: nvidia-cuda-nvrtc==13.0.88.* in /home/jules/.pyenv/versions/3.12.13/lib/python3.12/site-packages (from cuda-toolkit[cublas,cudart,cufft,cufile,cupti,curand,cusolver,cusparse,nvjitlink,nvrtc,nvtx]==13.0.3; platform_system == "Linux"->torch->clip==1.0) (13.0.88)
Requirement already satisfied: nvidia-cuda-runtime==13.0.96.* in /home/jules/.pyenv/versions/3.12.13/lib/python3.12/site-packages (from cuda-toolkit[cublas,cudart,cufft,cufile,cupti,curand,cusolver,cusparse,nvjitlink,nvrtc,nvtx]==13.0.3; platform_system == "Linux"->torch->clip==1.0) (13.0.96)
Requirement already satisfied: nvidia-cufft==12.0.0.61.* in /home/jules/.pyenv/versions/3.12.13/lib/python3.12/site-packages (from cuda-toolkit[cublas,cudart,cufft,cufile,cupti,curand,cusolver,cusparse,nvjitlink,nvrtc,nvtx]==13.0.3; platform_system == "Linux"->torch->clip==1.0) (12.0.0.61)
Requirement already satisfied: nvidia-nvjitlink<14,>=13.0.88 in /home/jules/.pyenv/versions/3.12.13/lib/python3.12/site-packages (from cuda-toolkit[cublas,cudart,cufft,cufile,cupti,curand,cusolver,cusparse,nvjitlink,nvrtc,nvtx]==13.0.3; platform_system == "Linux"->torch->clip==1.0) (13.4.92)
Requirement already satisfied: nvidia-cufile==1.15.1.6.* in /home/jules/.pyenv/versions/3.12.13/lib/python3.12/site-packages (from cuda-toolkit[cublas,cudart,cufft,cufile,cupti,curand,cusolver,cusparse,nvjitlink,nvrtc,nvtx]==13.0.3; platform_system == "Linux"->torch->clip==1.0) (1.15.1.6)
Requirement already satisfied: nvidia-cuda-cupti==13.0.85.* in /home/jules/.pyenv/versions/3.12.13/lib/python3.12/site-packages (from cuda-toolkit[cublas,cudart,cufft,cufile,cupti,curand,cusolver,cusparse,nvjitlink,nvrtc,nvtx]==13.0.3; platform_system == "Linux"->torch->clip==1.0) (13.0.85)
Requirement already satisfied: nvidia-curand==10.4.0.35.* in /home/jules/.pyenv/versions/3.12.13/lib/python3.12/site-packages (from cuda-toolkit[cublas,cudart,cufft,cufile,cupti,curand,cusolver,cusparse,nvjitlink,nvrtc,nvtx]==13.0.3; platform_system == "Linux"->torch->clip==1.0) (10.4.0.35)
Requirement already satisfied: nvidia-cusolver==12.0.4.66.* in /home/jules/.pyenv/versions/3.12.13/lib/python3.12/site-packages (from cuda-toolkit[cublas,cudart,cufft,cufile,cupti,curand,cusolver,cusparse,nvjitlink,nvrtc,nvtx]==13.0.3; platform_system == "Linux"->torch->clip==1.0) (12.0.4.66)
Requirement already satisfied: nvidia-cusparse==12.6.3.3.* in /home/jules/.pyenv/versions/3.12.13/lib/python3.12/site-packages (from cuda-toolkit[cublas,cudart,cufft,cufile,cupti,curand,cusolver,cusparse,nvjitlink,nvrtc,nvtx]==13.0.3; platform_system == "Linux"->torch->clip==1.0) (12.6.3.3)
Requirement already satisfied: nvidia-nvtx==13.0.85.* in /home/jules/.pyenv/versions/3.12.13/lib/python3.12/site-packages (from cuda-toolkit[cublas,cudart,cufft,cufile,cupti,curand,cusolver,cusparse,nvjitlink,nvrtc,nvtx]==13.0.3; platform_system == "Linux"->torch->clip==1.0) (13.0.85)
Requirement already satisfied: cuda-pathfinder>=1.4.2 in /home/jules/.pyenv/versions/3.12.13/lib/python3.12/site-packages (from cuda-bindings<14,>=13.0.3->torch->clip==1.0) (1.8.2)
Requirement already satisfied: mpmath<1.4,>=1.1.0 in /home/jules/.pyenv/versions/3.12.13/lib/python3.12/site-packages (from sympy>=1.13.3->torch->clip==1.0) (1.3.0)
Requirement already satisfied: MarkupSafe>=2.0 in /home/jules/.pyenv/versions/3.12.13/lib/python3.12/site-packages (from jinja2->torch->clip==1.0) (3.0.3)
Requirement already satisfied: numpy in /home/jules/.pyenv/versions/3.12.13/lib/python3.12/site-packages (from torchvision->clip==1.0) (2.5.3)
Requirement already satisfied: pillow!=8.3.*,>=5.3.0 in /home/jules/.pyenv/versions/3.12.13/lib/python3.12/site-packages (from torchvision->clip==1.0) (12.3.0)
Downloading ftfy-6.3.1-py3-none-any.whl (44 kB)
Downloading regex-2026.9.10-cp312-cp312-manylinux2014_x86_64.manylinux_2_17_x86_64.manylinux_2_28_x86_64.whl (804 kB)
   ━━━━━━━━━━━━━━━━━━━━━━━━━━━━━━━━━━━━━━━━ 804.6/804.6 kB 6.7 MB/s  0:00:00
Downloading tqdm-4.70.1-py3-none-any.whl (80 kB)
Downloading wcwidth-0.9.1-cp310-abi3-manylinux2014_x86_64.manylinux_2_17_x86_64.whl (768 kB)
   ━━━━━━━━━━━━━━━━━━━━━━━━━━━━━━━━━━━━━━━━ 768.4/768.4 kB 9.5 MB/s  0:00:00
Building wheels for collected packages: clip
  Building wheel for clip (pyproject.toml): started
  Building wheel for clip (pyproject.toml): finished with status 'done'
  Created wheel for clip: filename=clip-1.0-py3-none-any.whl size=1382832 sha256=944d908bf02bde327d9716f9ca6ba80a5bb1cbd8ff01e917ee5b8daad1f4f184
  Stored in directory: /tmp/pip-ephem-wheel-cache-k5ciwlnx/wheels/1a/29/25/b76762bec342453db5a18acc5d377a232a5d4e7465c1679bb2
Successfully built clip
Installing collected packages: wcwidth, tqdm, regex, ftfy, clip

Successfully installed clip-1.0 ftfy-6.3.1 regex-2026.9.10 tqdm-4.70.1 wcwidth-0.9.1

[notice] A new release of pip is available: 26.0.1 -> 26.2.1
[notice] To update, run: pip install --upgrade pip
